// Jest Snapshot v1, https://goo.gl/fbAQLP

exports[`Skeleton interaction with Skeleton component 1`] = `
<DocumentFragment>
  <div
    class="ant-spin ant-spin-spinning"
  >
    <span
      class="ant-spin-dot ant-spin-dot-spin"
    >
      <i
        class="ant-spin-dot-item"
      />
      <i
        class="ant-spin-dot-item"
      />
      <i
        class="ant-spin-dot-item"
      />
      <i
        class="ant-spin-dot-item"
      />
    </span>
  </div>
</DocumentFragment>
`;
