// Jest Snapshot v1, https://goo.gl/fbAQLP

exports[`Skeleton interaction with Skeleton component 1`] = `<DocumentFragment />`;
